// Jest Snapshot v1, https://goo.gl/fbAQLP

exports[`Keypad should render correctly 1`] = `
<div
  className="keypad-container"
>
  <div
    className="numbers-container"
  >
    <Key
      handleKeyPress={[MockFunction]}
      key="70"
      keyAction={[MockFunction]}
      keyType="number-key"
      keyValue="7"
    />
    <Key
      handleKeyPress={[MockFunction]}
      key="131"
      keyAction={[MockFunction]}
      keyType="number-key"
      keyValue="13"
    />
  </div>
  <div
    className="operators-container"
  >
    <Key
      handleKeyPress={[MockFunction]}
      key="+0"
      keyAction={[MockFunction]}
      keyType="operator-key"
      keyValue="+"
    />
    <Key
      handleKeyPress={[MockFunction]}
      key="-1"
      keyAction={[MockFunction]}
      keyType="operator-key"
      keyValue="-"
    />
  </div>
  <div
    className="submit-container"
  >
    <Key
      handleKeyPress={[MockFunction]}
      keyAction={[MockFunction]}
      keyType="submit-key"
      keyValue="="
    />
  </div>
</div>
`;

exports[`Keypad should render correctly 2`] = `
<div
  class="keypad-container"
>
  <div
    class="numbers-container"
  >
    <div
      class="key-container number-key"
    >
      <p
        class="key-value"
      >
        7
      </p>
    </div>
    <div
      class="key-container number-key"
    >
      <p
        class="key-value"
      >
        13
      </p>
    </div>
  </div>
  <div
    class="operators-container"
  >
    <div
      class="key-container operator-key"
    >
      <p
        class="key-value"
      >
        +
      </p>
    </div>
    <div
      class="key-container operator-key"
    >
      <p
        class="key-value"
      >
        -
      </p>
    </div>
  </div>
  <div
    class="submit-container"
  >
    <div
      class="key-container submit-key"
    >
      <p
        class="key-value"
      >
        =
      </p>
    </div>
  </div>
</div>
`;
