// Jest Snapshot v1, https://goo.gl/fbAQLP

exports[`Keypad should render correctly 1`] = `
<div
  className="keypad-container"
>
  <div
    className="numbers-container"
  >
    <Key
      handleKeyPress={[MockFunction]}
      key="70"
      keyAction={[MockFunction]}
      keyType="number-key"
      keyValue="7"
    />
    <Key
      handleKeyPress={[MockFunction]}
      key="131"
      keyAction={[MockFunction]}
      keyType="number-key"
      keyValue="13"
    />
  </div>
  <div
    className="operators-container"
  >
    <Key
      handleKeyPress={[MockFunction]}
      key="+0"
      keyAction={[MockFunction]}
      keyType="operator-key"
      keyValue="+"
    />
    <Key
      handleKeyPress={[MockFunction]}
      key="-1"
      keyAction={[MockFunction]}
      keyType="operator-key"
      keyValue="-"
    />
  </div>
  <div
    className="submit-container"
  >
    <Key
      handleKeyPress={[MockFunction]}
      keyAction={[MockFunction]}
      keyType="submit-key"
      keyValue="="
    />
  </div>
</div>
`;
